// Jest Snapshot v1, https://goo.gl/fbAQLP

exports[`renders correctly 1`] = `
<View
  style={
    Object {
      "alignItems": "center",
      "backgroundColor": "#fff",
      "flex": 1,
      "height": "100%",
      "margin": 0,
    }
  }
>
  <View
    accessibilityIgnoresInvertColors={true}
    style={
      Object {
        "alignItems": "center",
        "height": 1334,
        "margin": 0,
        "paddingTop": "15%",
        "width": 750,
      }
    }
  >
    <Image
      resizeMode="cover"
      source={1}
      style={
        Array [
          Object {
            "bottom": 0,
            "left": 0,
            "position": "absolute",
            "right": 0,
            "top": 0,
          },
          Object {
            "height": 1334,
            "width": 750,
          },
          undefined,
        ]
      }
    />
    <Text
      style={
        Object {
          "fontSize": 24,
        }
      }
    >
      Good Afternoon!
    </Text>
    <Text
      style={
        Object {
          "fontSize": 16,
          "marginTop": "3%",
        }
      }
    >
      How was lunch?
    </Text>
  </View>
</View>
`;
